// Jest Snapshot v1, https://goo.gl/fbAQLP

exports[`DieControl component Component snapshots :smoke test 1`] = `
<div
  className="die-control"
>
  <img
    alt="dice"
    className="die-img"
    src="https://s3.amazonaws.com/files.thegamecrafter.com/c123717767de732ae400c7cc0e193581ee444987"
  />
  <br />
  <div
    className="last-value"
  />
  <Button
    className="roll-btn"
    onClick={[Function]}
  >
    Roll 1
    d8
  </Button>
</div>
`;
